[
  [
    6,
    "https://x.com/IssaAllaith/timeline",
    {
      "category": "twitter",
      "subcategory": "user"
    }
  ]
]
